Category: 📺央视频道, Name: CCTV-2, Total: 6, Valid: 6, Valid Percent: 100.00%, Whitelist: 0, IPv4: 6, IPv6: 0, Min Delay: 167 ms, Max Speed: 7.55 M/s, Avg Speed: 4.92 M/s, Max Resolution: 1280x720
Category: 📺央视频道, Name: CCTV-3, Total: 9, Valid: 9, Valid Percent: 100.00%, Whitelist: 0, IPv4: 9, IPv6: 0, Min Delay: 37 ms, Max Speed: 140.42 M/s, Avg Speed: 65.38 M/s, Max Resolution: 1920x1080
Category: 📺央视频道, Name: CCTV-4, Total: 12, Valid: 12, Valid Percent: 100.00%, Whitelist: 0, IPv4: 12, IPv6: 0, Min Delay: 37 ms, Max Speed: 140.42 M/s, Avg Speed: 62.86 M/s, Max Resolution: 1920x1080
Category: 📺央视频道, Name: CCTV-5, Total: 22, Valid: 22, Valid Percent: 100.00%, Whitelist: 0, IPv4: 22, IPv6: 0, Min Delay: 37 ms, Max Speed: 140.42 M/s, Avg Speed: 35.46 M/s, Max Resolution: 1920x1080
Category: 📺央视频道, Name: CCTV-5+, Total: 6, Valid: 6, Valid Percent: 100.00%, Whitelist: 0, IPv4: 6, IPv6: 0, Min Delay: 131 ms, Max Speed: 10.69 M/s, Avg Speed: 5.42 M/s, Max Resolution: 1280x720
Category: 📺央视频道, Name: CCTV-6, Total: 19, Valid: 19, Valid Percent: 100.00%, Whitelist: 0, IPv4: 19, IPv6: 0, Min Delay: 37 ms, Max Speed: 140.42 M/s, Avg Speed: 55.10 M/s, Max Resolution: 1920x1080
Category: 📺央视频道, Name: CCTV-7, Total: 16, Valid: 16, Valid Percent: 100.00%, Whitelist: 0, IPv4: 16, IPv6: 0, Min Delay: 37 ms, Max Speed: 140.42 M/s, Avg Speed: 64.61 M/s, Max Resolution: 1920x1080
Category: 📺央视频道, Name: CCTV-8, Total: 26, Valid: 26, Valid Percent: 100.00%, Whitelist: 0, IPv4: 26, IPv6: 0, Min Delay: 37 ms, Max Speed: 140.42 M/s, Avg Speed: 37.06 M/s, Max Resolution: 1920x1080
Category: 📺央视频道, Name: CCTV-9, Total: 22, Valid: 22, Valid Percent: 100.00%, Whitelist: 0, IPv4: 22, IPv6: 0, Min Delay: 37 ms, Max Speed: 140.42 M/s, Avg Speed: 48.71 M/s, Max Resolution: 1920x1080
Category: 📺央视频道, Name: CCTV-10, Total: 25, Valid: 25, Valid Percent: 100.00%, Whitelist: 0, IPv4: 25, IPv6: 0, Min Delay: 37 ms, Max Speed: 140.42 M/s, Avg Speed: 42.62 M/s, Max Resolution: 1920x1080
Category: 📺央视频道, Name: CCTV-11, Total: 20, Valid: 20, Valid Percent: 100.00%, Whitelist: 0, IPv4: 20, IPv6: 0, Min Delay: 37 ms, Max Speed: 140.42 M/s, Avg Speed: 46.25 M/s, Max Resolution: 1920x1080
Category: 📺央视频道, Name: CCTV-12, Total: 21, Valid: 21, Valid Percent: 100.00%, Whitelist: 0, IPv4: 21, IPv6: 0, Min Delay: 37 ms, Max Speed: 140.42 M/s, Avg Speed: 50.74 M/s, Max Resolution: 1920x1080
Category: 📺央视频道, Name: CCTV-13, Total: 23, Valid: 23, Valid Percent: 100.00%, Whitelist: 0, IPv4: 19, IPv6: 4, Min Delay: 37 ms, Max Speed: 140.42 M/s, Avg Speed: 45.95 M/s, Max Resolution: 1920x1080
Category: 📺央视频道, Name: CCTV-14, Total: 25, Valid: 25, Valid Percent: 100.00%, Whitelist: 0, IPv4: 22, IPv6: 3, Min Delay: 37 ms, Max Speed: 140.42 M/s, Avg Speed: 43.01 M/s, Max Resolution: 1920x1080
Category: 📺央视频道, Name: CCTV-15, Total: 23, Valid: 23, Valid Percent: 100.00%, Whitelist: 0, IPv4: 23, IPv6: 0, Min Delay: 37 ms, Max Speed: 140.42 M/s, Avg Speed: 46.78 M/s, Max Resolution: 1920x1080
Category: 📺央视频道, Name: CCTV-16, Total: 18, Valid: 18, Valid Percent: 100.00%, Whitelist: 0, IPv4: 18, IPv6: 0, Min Delay: 37 ms, Max Speed: 140.42 M/s, Avg Speed: 35.75 M/s, Max Resolution: 1920x1080
Category: 📺央视频道, Name: CCTV-17, Total: 20, Valid: 20, Valid Percent: 100.00%, Whitelist: 0, IPv4: 20, IPv6: 0, Min Delay: 37 ms, Max Speed: 140.42 M/s, Avg Speed: 53.22 M/s, Max Resolution: 1920x1080
Category: 📡卫视频道, Name: 广东卫视, Total: 14, Valid: 14, Valid Percent: 100.00%, Whitelist: 0, IPv4: 14, IPv6: 0, Min Delay: 37 ms, Max Speed: 140.42 M/s, Avg Speed: 63.48 M/s, Max Resolution: 1920x1080
Category: 📡卫视频道, Name: 浙江卫视, Total: 20, Valid: 20, Valid Percent: 100.00%, Whitelist: 0, IPv4: 18, IPv6: 2, Min Delay: 37 ms, Max Speed: 140.42 M/s, Avg Speed: 44.97 M/s, Max Resolution: 1920x1080
Category: 📡卫视频道, Name: 湖南卫视, Total: 24, Valid: 24, Valid Percent: 100.00%, Whitelist: 0, IPv4: 24, IPv6: 0, Min Delay: 37 ms, Max Speed: 140.42 M/s, Avg Speed: 44.53 M/s, Max Resolution: 3840x2160
Category: 📡卫视频道, Name: 北京卫视, Total: 17, Valid: 17, Valid Percent: 100.00%, Whitelist: 0, IPv4: 17, IPv6: 0, Min Delay: 37 ms, Max Speed: 140.42 M/s, Avg Speed: 53.03 M/s, Max Resolution: 1920x1080
Category: 📡卫视频道, Name: 湖北卫视, Total: 16, Valid: 16, Valid Percent: 100.00%, Whitelist: 0, IPv4: 16, IPv6: 0, Min Delay: 37 ms, Max Speed: 140.42 M/s, Avg Speed: 64.75 M/s, Max Resolution: 1920x1080
Category: 📡卫视频道, Name: 黑龙江卫视, Total: 15, Valid: 15, Valid Percent: 100.00%, Whitelist: 0, IPv4: 15, IPv6: 0, Min Delay: 37 ms, Max Speed: 140.42 M/s, Avg Speed: 68.72 M/s, Max Resolution: 1920x1080
Category: 📡卫视频道, Name: 安徽卫视, Total: 16, Valid: 16, Valid Percent: 100.00%, Whitelist: 0, IPv4: 16, IPv6: 0, Min Delay: 37 ms, Max Speed: 140.42 M/s, Avg Speed: 64.73 M/s, Max Resolution: 1920x1080
Category: 📡卫视频道, Name: 重庆卫视, Total: 17, Valid: 17, Valid Percent: 100.00%, Whitelist: 0, IPv4: 17, IPv6: 0, Min Delay: 37 ms, Max Speed: 140.42 M/s, Avg Speed: 69.20 M/s, Max Resolution: 1920x1080
Category: 📡卫视频道, Name: 东方卫视, Total: 20, Valid: 20, Valid Percent: 100.00%, Whitelist: 0, IPv4: 20, IPv6: 0, Min Delay: 37 ms, Max Speed: 140.42 M/s, Avg Speed: 59.54 M/s, Max Resolution: 1920x1080
Category: 📡卫视频道, Name: 东南卫视, Total: 16, Valid: 16, Valid Percent: 100.00%, Whitelist: 0, IPv4: 16, IPv6: 0, Min Delay: 37 ms, Max Speed: 140.42 M/s, Avg Speed: 81.75 M/s, Max Resolution: 1920x1080
Category: 📡卫视频道, Name: 甘肃卫视, Total: 11, Valid: 11, Valid Percent: 100.00%, Whitelist: 0, IPv4: 11, IPv6: 0, Min Delay: 37 ms, Max Speed: 140.42 M/s, Avg Speed: 91.41 M/s, Max Resolution: 1920x1080
Category: 📡卫视频道, Name: 广西卫视, Total: 16, Valid: 15, Valid Percent: 93.75%, Whitelist: 0, IPv4: 16, IPv6: 0, Min Delay: 37 ms, Max Speed: 140.42 M/s, Avg Speed: 86.81 M/s, Max Resolution: 1920x1080
Category: 📡卫视频道, Name: 贵州卫视, Total: 17, Valid: 17, Valid Percent: 100.00%, Whitelist: 0, IPv4: 17, IPv6: 0, Min Delay: 37 ms, Max Speed: 140.42 M/s, Avg Speed: 85.28 M/s, Max Resolution: 1920x1080
Category: 📡卫视频道, Name: 海南卫视, Total: 11, Valid: 11, Valid Percent: 100.00%, Whitelist: 0, IPv4: 11, IPv6: 0, Min Delay: 37 ms, Max Speed: 140.42 M/s, Avg Speed: 90.59 M/s, Max Resolution: 1920x1080
Category: 📡卫视频道, Name: 河北卫视, Total: 18, Valid: 18, Valid Percent: 100.00%, Whitelist: 0, IPv4: 18, IPv6: 0, Min Delay: 37 ms, Max Speed: 140.42 M/s, Avg Speed: 73.04 M/s, Max Resolution: 1920x1080
Category: 📡卫视频道, Name: 河南卫视, Total: 19, Valid: 19, Valid Percent: 100.00%, Whitelist: 0, IPv4: 19, IPv6: 0, Min Delay: 37 ms, Max Speed: 140.42 M/s, Avg Speed: 76.68 M/s, Max Resolution: 1920x1080
Category: 📡卫视频道, Name: 吉林卫视, Total: 13, Valid: 13, Valid Percent: 100.00%, Whitelist: 0, IPv4: 13, IPv6: 0, Min Delay: 37 ms, Max Speed: 140.42 M/s, Avg Speed: 68.32 M/s, Max Resolution: 1920x1080
Category: 📡卫视频道, Name: 江苏卫视, Total: 18, Valid: 18, Valid Percent: 100.00%, Whitelist: 0, IPv4: 18, IPv6: 0, Min Delay: 37 ms, Max Speed: 140.42 M/s, Avg Speed: 58.06 M/s, Max Resolution: 1920x1080
Category: 📡卫视频道, Name: 江西卫视, Total: 15, Valid: 15, Valid Percent: 100.00%, Whitelist: 0, IPv4: 15, IPv6: 0, Min Delay: 37 ms, Max Speed: 140.42 M/s, Avg Speed: 68.72 M/s, Max Resolution: 1920x1080
Category: 📡卫视频道, Name: 辽宁卫视, Total: 16, Valid: 16, Valid Percent: 100.00%, Whitelist: 0, IPv4: 16, IPv6: 0, Min Delay: 37 ms, Max Speed: 140.42 M/s, Avg Speed: 73.39 M/s, Max Resolution: 1920x1080
Category: 📡卫视频道, Name: 内蒙古卫视, Total: 15, Valid: 15, Valid Percent: 100.00%, Whitelist: 0, IPv4: 14, IPv6: 1, Min Delay: 37 ms, Max Speed: 140.42 M/s, Avg Speed: 49.78 M/s, Max Resolution: 1920x1080
Category: 📡卫视频道, Name: 宁夏卫视, Total: 13, Valid: 13, Valid Percent: 100.00%, Whitelist: 0, IPv4: 13, IPv6: 0, Min Delay: 37 ms, Max Speed: 140.42 M/s, Avg Speed: 68.68 M/s, Max Resolution: 1920x1080
Category: 📡卫视频道, Name: 青海卫视, Total: 18, Valid: 18, Valid Percent: 100.00%, Whitelist: 0, IPv4: 16, IPv6: 2, Min Delay: 37 ms, Max Speed: 140.42 M/s, Avg Speed: 65.18 M/s, Max Resolution: 1920x1080
Category: 📡卫视频道, Name: 山东卫视, Total: 18, Valid: 18, Valid Percent: 100.00%, Whitelist: 0, IPv4: 18, IPv6: 0, Min Delay: 37 ms, Max Speed: 140.42 M/s, Avg Speed: 57.62 M/s, Max Resolution: 1920x1080
Category: 📡卫视频道, Name: 山西卫视, Total: 12, Valid: 12, Valid Percent: 100.00%, Whitelist: 0, IPv4: 12, IPv6: 0, Min Delay: 37 ms, Max Speed: 140.42 M/s, Avg Speed: 62.01 M/s, Max Resolution: 1920x1080
Category: 📡卫视频道, Name: 陕西卫视, Total: 12, Valid: 12, Valid Percent: 100.00%, Whitelist: 0, IPv4: 12, IPv6: 0, Min Delay: 37 ms, Max Speed: 140.42 M/s, Avg Speed: 39.53 M/s, Max Resolution: 1920x1080
Category: 📡卫视频道, Name: 四川卫视, Total: 21, Valid: 21, Valid Percent: 100.00%, Whitelist: 0, IPv4: 21, IPv6: 0, Min Delay: 37 ms, Max Speed: 140.42 M/s, Avg Speed: 69.16 M/s, Max Resolution: 1920x1080
Category: 📡卫视频道, Name: 深圳卫视, Total: 17, Valid: 17, Valid Percent: 100.00%, Whitelist: 0, IPv4: 17, IPv6: 0, Min Delay: 37 ms, Max Speed: 140.42 M/s, Avg Speed: 60.93 M/s, Max Resolution: 1920x1080
Category: 📡卫视频道, Name: 三沙卫视, Total: 11, Valid: 11, Valid Percent: 100.00%, Whitelist: 0, IPv4: 11, IPv6: 0, Min Delay: 37 ms, Max Speed: 140.42 M/s, Avg Speed: 80.13 M/s, Max Resolution: 1920x1080
Category: 📡卫视频道, Name: 天津卫视, Total: 17, Valid: 17, Valid Percent: 100.00%, Whitelist: 0, IPv4: 17, IPv6: 0, Min Delay: 37 ms, Max Speed: 140.42 M/s, Avg Speed: 52.36 M/s, Max Resolution: 1920x1080
Category: 📡卫视频道, Name: 西藏卫视, Total: 13, Valid: 13, Valid Percent: 100.00%, Whitelist: 0, IPv4: 11, IPv6: 2, Min Delay: 37 ms, Max Speed: 140.42 M/s, Avg Speed: 56.85 M/s, Max Resolution: 1920x1080
Category: 📡卫视频道, Name: 新疆卫视, Total: 15, Valid: 15, Valid Percent: 100.00%, Whitelist: 0, IPv4: 14, IPv6: 1, Min Delay: 37 ms, Max Speed: 140.42 M/s, Avg Speed: 50.04 M/s, Max Resolution: 1920x1080
Category: 📡卫视频道, Name: 云南卫视, Total: 20, Valid: 20, Valid Percent: 100.00%, Whitelist: 0, IPv4: 19, IPv6: 1, Min Delay: 37 ms, Max Speed: 140.42 M/s, Avg Speed: 65.52 M/s, Max Resolution: 1920x1080
